// Vitest Snapshot v1, https://vitest.dev/guide/snapshot.html

exports[`TemplateDetails Snapshot Tests > renders TemplateDetails correctly 1`] = `
<div
  className="d-flex justify-content-center align-items-center min-vh-100"
>
  <div
    className="spinner-border text-primary"
    role="status"
  >
    <span
      className="visually-hidden"
    >
      Loading...
    </span>
  </div>
</div>
`;

exports[`TemplateDetails Snapshot Tests > renders delete confirmation modal correctly 1`] = `null`;
